ONE fixed proof point: all wedges asin(1/10) radians; N=(1,7,49)/20; phases=0; t=(1/3,0); b=(1,2); h=(3/2,7/5,5/3); g=3; d=100.
Directional guards use Q-scaled vectors, Q=10/9; physical Z is scaled Z/sqrt(Q), physical Snell radicand is scaled radicand/Q.
All 200 timestamps, all three prisms: strict physical and traversal guards PASS.
glass_radicand : lower > 1.9225107888945725 at sample,prism (0, 2)
snell_radicand : lower > 0.770275621427225 at sample,prism (0, 3)
P : lower > 1.347803439336205 at sample,prism (0, 2)
Z : lower > 0.9279140676265863 at sample,prism (0, 3)
normal : lower > 0.8776534745713851 at sample,prism (0, 3)
internal_travel : lower > 2.297795794693485 at sample,prism (29, 3)
external_travel : lower > 2.3844622810508347 at sample,prism (3, 2)
Strict ellipse and bivariate chart guards PASS: rho>0, Bv!=0, det M_i>0, beta_i>0, h3>1, audited f1!=0.
Compiled sample 0 elapsed 0.07346892356872559
Compiled sample 50 elapsed 3.997931480407715
Compiled sample 100 elapsed 8.058214902877808
Compiled sample 150 elapsed 12.094539642333984
VERIFIED LEFT INVERSE lag11 defect 1.369442228309799e-14 tail entry bound 9.41169989039931e-42
All lag roots distinct: min separation > 0.1725727315958467
VERIFIED LEFT INVERSE fundamental7 defect 2.8773097858811228e-15 tail entry bound 7.282756811844139e-44
VERIFIED LEFT INVERSE demixer31 defect 5.327338765807098e-11 tail entry bound 4.475757314771384e-27
Self harmonic difference ([-4.26307353455511557449388495427348287463129512527748513076712e-23, 4.26307353455511580624925632622295725651297292547405347401232e-23] + [-4.26307353455511570868868578376097588918606848668609445150456e-23, 4.26307353455511567205445549677776730811738492543906705023443e-23]*j)
Preprocessing feature differential identity error 6.082767073261349e-24
RECONSTRUCTION inverse defect 4.1031093211179996e-11 DT uniform entry error bound 8.810447276187157e-27
TRACE enclosure [-27.885143984149112259607614224940054487098082120138221153617, -27.8851439841491122596075380830889284355950518760096969453871]
DT infinity norm 127543.6061131904
eigenvalues [-2.34267329e+01+0.j         -5.65647100e+00+0.j
  6.45940730e-01+0.j          3.74311768e-01+0.40709346j
  3.74311768e-01-0.40709346j -1.21586672e-01+0.j
 -8.79401967e-02+0.j          4.15147361e-02+0.04834729j
  4.15147361e-02-0.04834729j  4.29881076e-02+0.j
 -4.48735147e-02+0.01451495j -4.48735147e-02-0.01451495j
 -3.30787785e-02+0.j         -1.18438047e-02+0.j
  9.34101580e-03+0.00436206j  9.34101580e-03-0.00436206j
  1.49628245e-03+0.00171668j  1.49628245e-03-0.00171668j]
spectral radius proposal 23.426732948292027
ADAPTED REAL INFINITY NORM UPPER 23.426732948299506 basis condition 164680.10395423198
Verified Gershgorin discs (real centers,radii): [(-23.42673294829205, 9.559938437078558e-11), (-5.6564709967681335, 9.720923397325223e-11), (0.6459407298240435, 9.584235871920168e-11), (0.37431176828397333, 0.4070934638427817), (0.3743117682840385, 0.4070934638442752), (-0.1215866724722488, 9.459579954358487e-11), (-0.08794019674178959, 9.353542422481297e-11), (0.041514736131421016, 0.04834729304562793), (0.04151473613144771, 0.0483472930410178), (0.042988107644996665, 9.349030105372659e-11), (-0.0448735147446097, 0.014514950585185073), (-0.04487351474470554, 0.014514950586273232), (-0.033078778505427765, 9.513572798857957e-11), (-0.011843804689937917, 9.401834027287574e-11), (0.009341015800080794, 0.004362060230197619), (0.009341015800125124, 0.004362060228451451), (0.0014962824548102897, 0.0017166846029844575), (0.0014962824548402723, 0.0017166846028764296)]
CERTIFIED isolated real unstable eigenvalue intervals [(0, -23.42673294838765, -23.426732948196445), (1, -5.656470996865343, -5.656470996670923)]
CERTIFIED all eigenvalues Re(lambda) <= 0.7814052321283138
NATIVE chart tangent conversion infinity norm <= 57.29577951308232
NATIVE adapted basis infinity norm <= 10.271361345657224
Saved /workspace/shared/risley_theory/proof_checks/finite_wedge_corrector_interval.json
