chart [0, 1, 2, 3, 4] determinant terms 31
 norm 4 masks 16 max Gdeg 4 scale -1
 norm 3 masks 8 max Gdeg 8 scale 4
 norm 2 masks 4 max Gdeg 16 scale 4
 norm 1 masks 2 max Gdeg 32 scale 13
 norm 0 masks 1 max Gdeg 64 scale 1
 leading coefficient [3.1162515572237e-43, 3.1162515572237e-43] constant [-0, 0] linear [-0.0068156454918297, -0.0068156454918297]
chart [0, 1, 2, 3, 5] determinant terms 31
 norm 4 masks 16 max Gdeg 4 scale -2
 norm 3 masks 8 max Gdeg 8 scale 4
 norm 2 masks 4 max Gdeg 16 scale -1
 norm 1 masks 2 max Gdeg 32 scale 17
 norm 0 masks 1 max Gdeg 64 scale -2
 leading coefficient [5.7933562382665e-42, 5.7933562382665e-42] constant [-0, 0] linear [2.4429011181621e-05, 2.4429011181621e-05]
Certified pseudoremainder degree 62 leading [-2.7173579722677e-41, -2.7173579722677e-41]
Certified pseudoremainder degree 61 leading [2.3829535693952e-40, 2.3829535693952e-40]
Certified pseudoremainder degree 60 leading [-5.3123122050685e-39, -5.3123122050685e-39]
Certified pseudoremainder degree 59 leading [-1.1277290796924e-37, -1.1277290796924e-37]
Certified pseudoremainder degree 58 leading [-2.468075577492e-36, -2.468075577492e-36]
Certified pseudoremainder degree 57 leading [-1.3647585561426e-35, -1.3647585561426e-35]
Certified pseudoremainder degree 56 leading [-2.9794278698067e-34, -2.9794278698067e-34]
Certified pseudoremainder degree 55 leading [-5.0159951510753e-34, -5.0159951510753e-34]
Certified pseudoremainder degree 54 leading [-7.3415949985057e-33, -7.3415949985057e-33]
Certified pseudoremainder degree 53 leading [-1.0592124971439e-31, -1.0592124971439e-31]
Certified pseudoremainder degree 52 leading [2.4085771701281e-31, 2.4085771701281e-31]
Certified pseudoremainder degree 51 leading [-1.9664555468649e-30, -1.9664555468649e-30]
Certified pseudoremainder degree 50 leading [-7.3272208984388e-30, -7.3272208984388e-30]
Certified pseudoremainder degree 49 leading [-2.2229096504553e-28, -2.2229096504553e-28]
Certified pseudoremainder degree 48 leading [-1.0739591642257e-26, -1.0739591642257e-26]
Certified pseudoremainder degree 47 leading [4.1858187753588e-28, 4.1858187753588e-28]
Certified pseudoremainder degree 46 leading [-1.3512793613742e-25, -1.3512793613742e-25]
Certified pseudoremainder degree 45 leading [-2.3809685547041e-24, -2.3809685547041e-24]
Certified pseudoremainder degree 44 leading [-1.5147743592778e-23, -1.5147743592778e-23]
Certified pseudoremainder degree 43 leading [1.0909864971175e-22, 1.0909864971175e-22]
Certified pseudoremainder degree 42 leading [1.1712943242082e-21, 1.1712943242082e-21]
Certified pseudoremainder degree 41 leading [9.3004846279225e-22, 9.3004846279225e-22]
Certified pseudoremainder degree 40 leading [3.7073906130342e-21, 3.7073906130342e-21]
Certified pseudoremainder degree 39 leading [2.6229888507139e-19, 2.6229888507139e-19]
Certified pseudoremainder degree 38 leading [3.337273451086e-21, 3.337273451086e-21]
Certified pseudoremainder degree 37 leading [1.3538695068215e-18, 1.3538695068215e-18]
Certified pseudoremainder degree 36 leading [-2.6603126141729e-17, -2.6603126141729e-17]
Certified pseudoremainder degree 35 leading [7.4811076475438e-17, 7.4811076475438e-17]
Certified pseudoremainder degree 34 leading [2.2678586066108e-16, 2.2678586066108e-16]
Certified pseudoremainder degree 33 leading [1.6560583396897e-15, 1.6560583396897e-15]
Certified pseudoremainder degree 32 leading [-1.5917383181918e-15, -1.5917383181918e-15]
Certified pseudoremainder degree 31 leading [4.0140409874923e-14, 4.0140409874923e-14]
Certified pseudoremainder degree 30 leading [-9.5642492164313e-14, -9.5642492164313e-14]
Certified pseudoremainder degree 29 leading [2.2188204054712e-13, 2.2188204054712e-13]
Certified pseudoremainder degree 28 leading [4.6790801487458e-13, 4.6790801487458e-13]
Certified pseudoremainder degree 27 leading [-1.0879394709118e-11, -1.0879394709118e-11]
Certified pseudoremainder degree 26 leading [3.3650672154322e-11, 3.3650672154322e-11]
Certified pseudoremainder degree 25 leading [1.2655424463454e-10, 1.2655424463454e-10]
Certified pseudoremainder degree 24 leading [3.6724279375439e-10, 3.6724279375439e-10]
Certified pseudoremainder degree 23 leading [7.778804880034e-10, 7.778804880034e-10]
Certified pseudoremainder degree 22 leading [-6.9462574023876e-09, -6.9462574023876e-09]
Certified pseudoremainder degree 21 leading [8.4926139898803e-08, 8.4926139898803e-08]
Certified pseudoremainder degree 20 leading [1.5178295597984e-07, 1.5178295597984e-07]
Certified pseudoremainder degree 19 leading [8.1257718646797e-07, 8.1257718646797e-07]
Certified pseudoremainder degree 18 leading [7.8951621042889e-07, 7.8951621042889e-07]
Certified pseudoremainder degree 17 leading [-3.3179086443323e-06, -3.3179086443323e-06]
Certified pseudoremainder degree 16 leading [-4.0015744810282e-05, -4.0015744810282e-05]
Certified pseudoremainder degree 15 leading [3.0994346341462e-05, 3.0994346341462e-05]
Certified pseudoremainder degree 14 leading [4.6804519523315e-05, 4.6804519523315e-05]
Certified pseudoremainder degree 13 leading [0.00027439830199541, 0.00027439830199541]
Certified pseudoremainder degree 12 leading [-0.00019987537794019, -0.00019987537794019]
Certified pseudoremainder degree 11 leading [-0.00071287789073145, -0.00071287789073145]
Certified pseudoremainder degree 10 leading [0.00036222288250798, 0.00036222288250798]
Certified pseudoremainder degree 9 leading [0.00050021705023694, 0.00050021705023694]
Certified pseudoremainder degree 8 leading [0.0018451183795496, 0.0018451183795496]
Certified pseudoremainder degree 7 leading [-0.00068186144901498, -0.00068186144901498]
Certified pseudoremainder degree 6 leading [0.0021620676946023, 0.0021620676946023]
Certified pseudoremainder degree 5 leading [0.0060318385640919, 0.0060318385640919]
Certified pseudoremainder degree 4 leading [0.026132929832897, 0.026132929832897]
Certified pseudoremainder degree 3 leading [-0.051991842366004, -0.051991842366004]
Certified pseudoremainder degree 2 leading [0.12547887633118, 0.12547887633118]
Certified pseudoremainder degree 1 leading [0.33525147856802, 0.33525147856802]
Certified pseudoremainder degree 0 leading [0.97136102671617, 0.97136102671617]
PASS Original augmented rows and division-free pseudo-remainders independently certify degree64 norms and coprime exact deflated quotients. terminal [0.97136102671617, 0.97136102671617] elapsed 1.16035795211792 certificate /workspace/shared/risley_theory/proof_checks/sagittal_subresultant_independent_pseudodivision_certificate.json
