
====================================================================================================
CERTIFICATION BATTERY: tight bounds (success) or quantitative impossibility (failure)
====================================================================================================
  1 CERT-OK   max-bound  2.7e-10  max-err  6.9e-11  covered=Y  med bound/err     7.3x  (primary)
  2 CERT-OK   max-bound  3.7e-11  max-err  7.2e-13  covered=Y  med bound/err    15.5x  (primary)
  3 CERT-OK   max-bound  2.1e-09  max-err  9.2e-10  covered=Y  med bound/err     2.2x  (primary)
  4 CERT-FAIL (true sep 0.330 Hz, min cyc 2.1)
      -> weak-prism 2: amp 9.061 < 5-sigma 27.145 -> any |ax2| < 19.68 deg is invisible at T=10 s
      -> weak-prism 3: amp 0.987 < 5-sigma 13.954 -> any |ax3| < 11.38 deg is invisible at T=10 s
      -> relation N1 ~ (0, 1, 3).N: gap 0.0957 Hz < 0.1112 -> degenerate; need T >= 11 s
      -> relation N2 ~ (0, 0, 2).N: gap 0.0185 Hz < 0.0749 -> degenerate; need T >= 25 s
      -> relation N3 ~ (0, -1, 3).N: gap 0.0185 Hz < 0.1457 -> degenerate; need T >= 40 s
  5 CERT-OK   max-bound  2.4e-09  max-err  1.4e-09  covered=Y  med bound/err     2.6x  (primary)
  6 CERT-OK   max-bound  1.7e-11  max-err  1.4e-12  covered=Y  med bound/err     6.5x  (primary)
  7 CERT-OK   max-bound  3.3e-10  max-err  3.4e-11  covered=Y  med bound/err     5.0x  (primary)
  8 CERT-OK   max-bound  4.4e-10  max-err  1.3e-10  covered=Y  med bound/err     6.3x  (primary)
  9 CERT-OK   max-bound  6.4e-11  max-err  3.3e-11  covered=Y  med bound/err     3.6x  (primary)
 10 CERT-FAIL (true sep 0.154 Hz, min cyc 9.4)
      -> relation N3 ~ (0, -1, 3).N: gap 0.0611 Hz < 0.0640 -> degenerate; need T >= 10 s
      -> glitch-floor: 8 TIR-masked samples, lattice residual 2.0e-01 inflates all sigmas by ~98x
 11 CERT-FAIL (true sep 0.007 Hz, min cyc 15.2)
      -> close-pair N2/N3: sep 0.0268 Hz < 3-sigma 0.1069 Hz -> need T >= 25 s
      -> weak-prism 1: amp 5.918 < 5-sigma 17.374 -> any |ax1| < 11.99 deg is invisible at T=10 s
      -> weak-prism 2: amp 3.962 < 5-sigma 51.932 -> any |ax2| < 34.38 deg is invisible at T=10 s
      -> weak-prism 3: amp 6.629 < 5-sigma 67.848 -> any |ax3| < 44.09 deg is invisible at T=10 s
      -> relation N1 ~ (1, -1, 1).N: gap 0.0268 Hz < 0.2056 -> degenerate; need T >= 39 s
      -> relation N2 ~ (0, -1, 2).N: gap 0.0535 Hz < 0.2985 -> degenerate; need T >= 31 s
      -> relation N3 ~ (0, -1, 2).N: gap 0.0268 Hz < 0.3228 -> degenerate; need T >= 53 s
 12 CERT-OK   max-bound  1.7e-10  max-err  7.0e-11  covered=Y  med bound/err     4.1x  (primary)
 13 CERT-OK   max-bound  7.6e-11  max-err  9.2e-12  covered=Y  med bound/err     4.1x  (primary)
 14 CERT-OK   max-bound  4.0e-11  max-err  2.7e-12  covered=Y  med bound/err     7.3x  (primary)
 15 CERT-OK   max-bound  3.1e-11  max-err  7.0e-12  covered=Y  med bound/err     4.5x  (primary)
 16 CERT-OK   max-bound  5.1e-11  max-err  1.6e-11  covered=Y  med bound/err     6.3x  (primary)
 17 CERT-OK   max-bound  3.4e-10  max-err  2.0e-11  covered=Y  med bound/err    10.8x  (primary)
 18 CERT-FAIL (true sep 0.178 Hz, min cyc 2.9)
      -> close-pair N2/N3: sep 0.0159 Hz < 3-sigma 0.1219 Hz -> need T >= 39 s
      -> weak-prism 1: amp 0.238 < 5-sigma 6.594 -> any |ax1| < 4.48 deg is invisible at T=10 s
      -> weak-prism 2: amp 0.286 < 5-sigma 7.599 -> any |ax2| < 5.54 deg is invisible at T=10 s
      -> weak-prism 3: amp 3.252 < 5-sigma 20.924 -> any |ax3| < 16.20 deg is invisible at T=10 s
      -> relation N1 ~ (-1, -3, 0).N: gap 0.0219 Hz < 0.3941 -> degenerate; need T >= 69 s
      -> relation N2 ~ (-2, -2, 0).N: gap 0.0219 Hz < 0.3941 -> degenerate; need T >= 69 s
      -> relation N3 ~ (-1, -3, 0).N: gap 0.1567 Hz < 0.4167 -> degenerate; need T >= 19 s
      -> glitch-floor: 0 TIR-masked samples, lattice residual 5.1e-02 inflates all sigmas by ~26x
 19 CERT-OK   max-bound  4.5e-11  max-err  1.4e-11  covered=Y  med bound/err     3.5x  (flipweak)
 20 CERT-OK   max-bound  7.1e-10  max-err  5.1e-11  covered=Y  med bound/err     7.7x  (primary)
 21 CERT-OK   max-bound  1.6e-11  max-err  1.7e-12  covered=Y  med bound/err     4.5x  (primary)
 22 CERT-OK   max-bound  3.2e-07  max-err  1.8e-07  covered=Y  med bound/err     1.4x  (primary)
 23 CERT-OK   max-bound  1.1e-11  max-err  1.6e-12  covered=Y  med bound/err     5.5x  (primary)
 24 CERT-OK   max-bound  3.8e-11  max-err  1.6e-11  covered=Y  med bound/err     3.0x  (primary)
 25 CERT-OK   max-bound  4.2e-11  max-err  1.2e-11  covered=Y  med bound/err     3.7x  (primary)
 26 CERT-OK   max-bound  1.3e-11  max-err  1.5e-12  covered=Y  med bound/err     6.9x  (primary)
 27 CERT-OK   max-bound  2.0e-11  max-err  1.1e-12  covered=Y  med bound/err    12.0x  (alt0)
 28 CERT-OK   max-bound  4.2e-11  max-err  1.1e-11  covered=Y  med bound/err     3.5x  (primary)
 29 CERT-OK   max-bound  6.7e-11  max-err  1.6e-11  covered=Y  med bound/err     9.2x  (primary)
 30 CERT-OK   max-bound  2.1e-11  max-err  8.3e-13  covered=Y  med bound/err     8.9x  (zero)

  CERT-OK: 26/30   bound coverage: 26/26   median tightness 5x
  616s total
