
============================================================================================
PRISM-COUNT GENERALITY: signed-speed extraction at P = 2, 4
============================================================================================
  P=2 T=10   1 cyc   9.8 sep  1.268  est [-2.247 +0.979]  err  6.3e-07  OK
  P=2 T=10   2 cyc   1.5 sep  2.131  est [+2.281 +0.150]  err  6.7e-07  OK
  P=2 T=10   3 cyc   4.5 sep  0.947  est [-1.400 -0.453]  err  2.8e-04  OK
  P=2 T=10   4 cyc  14.1 sep  0.263  est [-1.669 +1.406]  err  1.8e-06  OK
  P=2 T=10   5 cyc   5.4 sep  0.046  est [-0.581 +0.540]  err  5.5e-03  OK
  P=2 T=10   6 cyc   4.7 sep  0.115  est [-0.582 +0.496]  err  2.7e-02  --
  P=2 T=10   7 cyc   7.3 sep  2.680  est [-3.410 +0.730]  err  2.1e-07  OK
  P=2 T=10   8 cyc   7.0 sep  1.172  est [-1.867 +0.695]  err  7.9e-06  OK
  P=2 T=10   9 cyc  11.8 sep  1.421  est [-2.602 +1.180]  err  6.5e-06  OK
  P=2 T=10  10 cyc  11.4 sep  1.095  est [+2.238 +1.142]  err  1.7e-04  OK
  P=2 T=10  11 cyc   6.3 sep  0.096  est [+0.731 -0.634]  err  4.5e-05  OK
  P=2 T=10  12 cyc  11.8 sep  1.431  est [-2.606 +1.176]  err  7.1e-06  OK
  P=2 T=10  13 cyc   2.4 sep  2.417  est [-2.657 -0.239]  err  5.8e-07  OK
  P=2 T=10  14 cyc  24.5 sep  0.904  est [+3.357 +2.454]  err  8.1e-08  OK
  P=2 T=10  15 cyc  22.5 sep  0.581  est [+2.836 -2.255]  err  8.6e-07  OK
  P=2 T=10  16 cyc   3.6 sep  1.701  est [-2.061 +0.360]  err  1.2e-07  OK
  P=2 T=10  17 cyc   5.5 sep  0.771  est [-1.324 -0.553]  err  2.1e-06  OK
  P=2 T=10  18 cyc   4.5 sep  0.486  est [-0.941 -0.453]  err  1.5e-03  OK
  P=2 T=10  19 cyc  27.3 sep  0.182  est [+2.911 -2.729]  err  6.3e-07  OK
  P=2 T=10  20 cyc   1.5 sep  3.235  est [-3.385 +0.150]  err  8.9e-05  OK
  ---- P=2 T=10: 19/20 exact signed  (median err 2.1e-06)  2s

  P=4 T=10   1 cyc   2.3 sep  0.073  est [+2.249 +0.980 +0.907 -0.212]  err  4.5e+00  --
  P=4 T=10   2 cyc   3.7 sep  0.199  est [-3.408 +1.145 -0.944 -0.362]  err  3.7e-03  OK
  P=4 T=10   3 cyc   1.5 sep  0.273  est [-2.176 -1.906 +0.561 -0.152]  err  1.7e-03  OK
  P=4 T=10   4 cyc   9.9 sep  0.308  est [+1.609 +1.300 +0.249 -0.123]  err  4.7e+00  --
  P=4 T=10   5 cyc   4.5 sep  0.196  est [+2.961 +2.721 -2.179 +0.448]  err  3.2e-02  --
  P=4 T=10   6 cyc  10.9 sep  0.042  est [+1.430 -1.170 +1.128 +1.059]  err  4.0e+00  --
  P=4 T=10   7 cyc  10.5 sep  0.274  est [+2.726 -1.986 +1.715 -1.048]  err  2.1e+00  --
  P=4 T=10   8 cyc   5.4 sep  0.578  est [+2.605 -1.177 -1.155 +0.548]  err  5.2e+00  --
  P=4 T=10   9 cyc  14.3 sep  0.145  est [-2.473 +2.325 +2.180 -1.426]  err  4.9e+00  --
  P=4 T=10  10 cyc  10.1 sep  0.058  est [-1.921 +1.479 -1.065 -0.991]  err  3.8e+00  --
  P=4 T=10  11 cyc   1.5 sep  0.077  est [+0.959 +0.259 +0.219 +0.205]  err  7.7e-01  --
  P=4 T=10  12 cyc   1.5 sep  0.130  est [-3.327 +2.531 +2.394 +0.152]  err  6.8e+00  --
  P=4 T=10  13 cyc   1.5 sep  0.860  est [-3.385 -3.230 +1.010 +0.150]  err  1.1e+00  --
  P=4 T=10  14 cyc   1.5 sep  0.228  est [+3.385 +1.916 -0.225 +0.154]  err  1.9e+00  --
  P=4 T=10  15 cyc   2.9 sep  0.174  est [-3.147 +2.393 -2.219 -0.301]  err  1.4e-02  OK
  P=4 T=10  16 cyc   7.1 sep  0.054  est [-1.343 +1.329 -0.704 -0.137]  err  4.0e+00  --
  P=4 T=10  17 cyc   6.1 sep  0.371  est [-3.332 -2.961 +1.121 -0.613]  err  1.6e-03  OK
  P=4 T=10  18 cyc   9.8 sep  0.255  est [+3.237 +2.743 -2.488 -0.983]  err  3.0e-04  OK
  P=4 T=10  19 cyc   7.4 sep  0.090  est [+2.340 +0.775 -0.737 +0.724]  err  2.3e+00  --
  P=4 T=10  20 cyc   3.4 sep  0.155  est [-3.457 -2.925 +0.495 -0.340]  err  7.9e-04  OK
  ---- P=4 T=10: 6/20 exact signed  (median err 1.7e-03)  12s

  P=4 T=40   1 cyc   2.3 sep  0.073  est [-2.248 +0.979 -0.906 -0.229]  err  1.2e-04  OK
  P=4 T=40   2 cyc   3.7 sep  0.199  est [-3.410 +1.142 -0.944 -0.366]  err  8.6e-06  OK
  P=4 T=40   3 cyc   1.5 sep  0.273  est [-2.178 -1.905 +0.560 -0.150]  err  1.8e-05  OK
  P=4 T=40   4 cyc   9.9 sep  0.308  est [-3.089 +2.601 +1.610 -1.300]  err  2.9e+00  --
  P=4 T=40   5 cyc   4.5 sep  0.196  est [+2.929 +2.733 -2.182 +0.448]  err  1.2e-05  OK
  P=4 T=40   6 cyc  10.9 sep  0.042  est [-2.602 +1.181 -1.132 +1.091]  err  5.4e-04  OK
  P=4 T=40   7 cyc  10.5 sep  0.274  est [+2.726 -1.989 +1.715 +1.051]  err  1.5e-05  OK
  P=4 T=40   8 cyc   5.4 sep  0.578  est [-2.606 +2.029 +1.176 -0.539]  err  2.6e-05  OK
  P=4 T=40   9 cyc  14.3 sep  0.145  est [+2.473 -2.325 +2.180 -1.426]  err  3.4e-05  OK
  P=4 T=40  10 cyc  10.1 sep  0.058  est [+1.921 -1.478 +1.065 -1.006]  err  1.2e-05  OK
  P=4 T=40  11 cyc   1.5 sep  0.077  est [+0.962 -0.507 +0.227 -0.150]  err  2.0e-04  OK
  P=4 T=40  12 cyc   1.5 sep  0.130  est [-3.325 -2.533 -0.299 -0.150]  err  6.8e+00  --
  P=4 T=40  13 cyc   1.5 sep  0.860  est [-3.385 -2.095 +1.010 +0.150]  err  1.8e-03  OK
  P=4 T=40  14 cyc   1.5 sep  0.228  est [+3.385 +1.921 +1.694 +0.155]  err  2.1e-04  OK
  P=4 T=40  15 cyc   2.9 sep  0.174  est [-3.147 +2.393 -2.219 -0.287]  err  1.1e-04  OK
  P=4 T=40  16 cyc   7.1 sep  0.054  est [+2.672 -1.330 +1.277 -0.709]  err  8.3e-04  OK
  P=4 T=40  17 cyc   6.1 sep  0.371  est [-3.332 -2.961 +1.123 -0.614]  err  5.2e-05  OK
  P=4 T=40  18 cyc   9.8 sep  0.255  est [+3.237 +2.743 +2.710 -2.488]  err  5.2e+00  --
  P=4 T=40  19 cyc   7.4 sep  0.090  est [+2.317 -1.514 +0.829 +0.737]  err  2.3e-03  OK
  P=4 T=40  20 cyc   3.4 sep  0.155  est [-3.457 -2.924 +0.495 -0.340]  err  7.6e-06  OK
  ---- P=4 T=40: 17/20 exact signed  (median err 5.2e-05)  36s

============================================================================================
