\BOOKMARK [0][-]{section*.2}{\376\377\000E\000x\000a\000c\000t\000\040\000P\000a\000r\000a\000m\000e\000t\000e\000r\000\040\000R\000e\000c\000o\000v\000e\000r\000y\000\040\000f\000o\000r\000\040\000M\000u\000l\000t\000i\000-\000P\000r\000i\000s\000m\000\040\000R\000i\000s\000l\000e\000y\000\040\000S\000y\000s\000t\000e\000m\000s\000f\000r\000o\000m\000\040\000B\000e\000a\000m\000\040\000S\000c\000a\000n\000\040\000P\000a\000t\000t\000e\000r\000n\000s\000\040\000v\000i\000a\000\040\000G\000l\000o\000b\000a\000l\000\040\000O\000p\000t\000i\000m\000i\000s\000a\000t\000i\000o\000n}{}% 2
\BOOKMARK [1][-]{section*.1}{\376\377\000A\000b\000s\000t\000r\000a\000c\000t}{section*.2}% 1
\BOOKMARK [1][-]{section*.3}{\376\377\000I\000n\000t\000r\000o\000d\000u\000c\000t\000i\000o\000n}{section*.2}% 3
\BOOKMARK [2][-]{section*.4}{\376\377\000B\000a\000c\000k\000g\000r\000o\000u\000n\000d}{section*.3}% 4
\BOOKMARK [2][-]{section*.5}{\376\377\000T\000h\000e\000\040\000i\000n\000v\000e\000r\000s\000e\000\040\000p\000r\000o\000b\000l\000e\000m}{section*.3}% 5
\BOOKMARK [2][-]{section*.6}{\376\377\000C\000o\000n\000t\000r\000i\000b\000u\000t\000i\000o\000n\000s}{section*.3}% 6
\BOOKMARK [1][-]{section*.7}{\376\377\000P\000h\000y\000s\000i\000c\000a\000l\000\040\000P\000r\000i\000s\000m\000\040\000M\000o\000d\000e\000l}{section*.2}% 7
\BOOKMARK [2][-]{section*.8}{\376\377\000S\000y\000s\000t\000e\000m\000\040\000g\000e\000o\000m\000e\000t\000r\000y}{section*.7}% 8
\BOOKMARK [2][-]{section*.9}{\376\377\000R\000e\000f\000r\000a\000c\000t\000i\000o\000n\000\040\000a\000t\000\040\000e\000a\000c\000h\000\040\000i\000n\000t\000e\000r\000f\000a\000c\000e}{section*.7}% 9
\BOOKMARK [2][-]{section*.10}{\376\377\000E\000f\000f\000e\000c\000t\000i\000v\000e\000\040\000t\000i\000l\000t\000\040\000f\000r\000o\000m\000\040\000r\000o\000t\000a\000t\000i\000o\000n}{section*.7}% 10
\BOOKMARK [2][-]{section*.11}{\376\377\000E\000x\000a\000m\000p\000l\000e\000\040\000p\000a\000t\000t\000e\000r\000n\000s}{section*.7}% 11
\BOOKMARK [1][-]{section*.12}{\376\377\000T\000h\000e\000o\000r\000e\000t\000i\000c\000a\000l\000\040\000F\000r\000a\000m\000e\000w\000o\000r\000k}{section*.2}% 12
\BOOKMARK [2][-]{section*.13}{\376\377\000S\000m\000o\000o\000t\000h\000n\000e\000s\000s}{section*.12}% 13
\BOOKMARK [2][-]{section*.14}{\376\377\000Q\000u\000a\000s\000i\000-\000p\000e\000r\000i\000o\000d\000i\000c\000i\000t\000y\000\040\000a\000n\000d\000\040\000t\000h\000e\000\040\000R\000i\000s\000l\000e\000y\000\040\000m\000a\000n\000i\000f\000o\000l\000d\000\040\000M\000P}{section*.12}% 14
\BOOKMARK [2][-]{section*.15}{\376\377\000I\000d\000e\000n\000t\000i\000f\000i\000a\000b\000i\000l\000i\000t\000y}{section*.12}% 15
\BOOKMARK [2][-]{section*.17}{\376\377\000F\000o\000u\000r\000i\000e\000r\000\040\000c\000o\000n\000v\000e\000r\000g\000e\000n\000c\000e\000\040\000a\000n\000d\000\040\000w\000e\000d\000g\000e\000-\000c\000o\000u\000n\000t\000\040\000d\000e\000t\000e\000r\000m\000i\000n\000a\000t\000i\000o\000n}{section*.12}% 16
\BOOKMARK [2][-]{section*.18}{\376\377\000S\000e\000n\000s\000i\000t\000i\000v\000i\000t\000y\000\040\000h\000i\000e\000r\000a\000r\000c\000h\000y}{section*.12}% 17
\BOOKMARK [1][-]{section*.19}{\376\377\000I\000n\000v\000e\000r\000s\000e\000\040\000S\000o\000l\000v\000e\000r}{section*.2}% 18
\BOOKMARK [2][-]{section*.20}{\376\377\000G\000l\000o\000b\000a\000l\000\040\000o\000p\000t\000i\000m\000i\000s\000a\000t\000i\000o\000n}{section*.19}% 19
\BOOKMARK [2][-]{section*.25}{\376\377\000N\000e\000u\000r\000a\000l\000-\000n\000e\000t\000w\000o\000r\000k\000\040\000c\000l\000a\000s\000s\000i\000f\000i\000e\000r}{section*.19}% 20
\BOOKMARK [2][-]{section*.26}{\376\377\000C\000o\000m\000p\000u\000t\000a\000t\000i\000o\000n\000a\000l\000\040\000c\000o\000s\000t}{section*.19}% 21
\BOOKMARK [1][-]{section*.27}{\376\377\000R\000e\000s\000u\000l\000t\000s}{section*.2}% 22
\BOOKMARK [2][-]{section*.28}{\376\377\000P\000a\000r\000a\000m\000e\000t\000e\000r\000\040\000r\000e\000c\000o\000v\000e\000r\000y}{section*.27}% 23
\BOOKMARK [2][-]{section*.29}{\376\377\000O\000u\000t\000-\000o\000f\000-\000d\000i\000s\000t\000r\000i\000b\000u\000t\000i\000o\000n\000\040\000d\000i\000a\000g\000n\000o\000s\000t\000i\000c}{section*.27}% 24
\BOOKMARK [2][-]{section*.30}{\376\377\000N\000o\000i\000s\000e\000\040\000r\000o\000b\000u\000s\000t\000n\000e\000s\000s}{section*.27}% 25
\BOOKMARK [2][-]{section*.31}{\376\377\000M\000o\000d\000e\000l\000\040\000m\000i\000s\000m\000a\000t\000c\000h}{section*.27}% 26
\BOOKMARK [1][-]{section*.32}{\376\377\000D\000i\000s\000c\000u\000s\000s\000i\000o\000n}{section*.2}% 27
\BOOKMARK [2][-]{section*.33}{\376\377\000C\000o\000m\000p\000a\000r\000i\000s\000o\000n\000\040\000w\000i\000t\000h\000\040\000p\000r\000i\000o\000r\000\040\000m\000e\000t\000h\000o\000d\000s}{section*.32}% 28
\BOOKMARK [2][-]{section*.34}{\376\377\000P\000h\000y\000s\000i\000c\000a\000l\000\040\000v\000e\000r\000s\000u\000s\000\040\000t\000h\000i\000n\000-\000p\000r\000i\000s\000m\000\040\000m\000o\000d\000e\000l\000s}{section*.32}% 29
\BOOKMARK [2][-]{section*.35}{\376\377\000L\000i\000m\000i\000t\000a\000t\000i\000o\000n\000s}{section*.32}% 30
\BOOKMARK [1][-]{section*.42}{\376\377\000C\000o\000n\000c\000l\000u\000s\000i\000o\000n}{section*.2}% 31
\BOOKMARK [1][-]{section*.44}{\376\377\000R\000e\000f\000e\000r\000e\000n\000c\000e\000s}{section*.2}% 32
